// Jest Snapshot v1, https://goo.gl/fbAQLP

exports[`Education Test toMatchSnapshot 1`] = `
<div>
  <div
    class="MuiContainer-root MuiContainer-maxWidthLg css-1oqqzyl-MuiContainer-root"
  >
    <div
      class="MuiGrid-root css-hwjy3t-MuiGrid-root"
    >
      <div
        class="MuiBox-root css-1yjvs5a"
      >
        <h2
          class="MuiTypography-root MuiTypography-h2 MuiTypography-alignCenter css-162zxzj-MuiTypography-root"
          role="title"
        >
          Courses and Certificates
        </h2>
        <p
          class="MuiTypography-root MuiTypography-body1 MuiTypography-alignCenter css-1mqboxc-MuiTypography-root"
          role="description"
        >
          I am a graduated SYSTEMS ENGINEER Polytechnic University Institute "Santiago Marino" of Valencia Carabobo in 2019.
        </p>
        <p
          class="MuiTypography-root MuiTypography-body1 MuiTypography-alignCenter css-1mqboxc-MuiTypography-root"
          role="description"
        >
          Also, I have taken multiple courses on platforms such as Edteam, SoloLearn, Udemy and Cisco. But mainly I tend to lean towards seeing various free content such as video tutorials on free streaming platforms such as YouTube and Live that I usually reinforce with the documentation of the technology.
        </p>
      </div>
      <ul
        class="MuiImageList-root MuiImageList-masonry css-10riir9-MuiImageList-root"
        style="column-count: 3; column-gap: 20px;"
      >
        <li
          class="MuiImageListItem-root MuiImageListItem-masonry css-l086p4-MuiImageListItem-root"
          style="height: auto; margin-bottom: 20px;"
        >
          <span
            style="box-sizing: border-box; display: inline-block; overflow: hidden; background: none; opacity: 1; border: 0px; margin: 0px; padding: 0px; position: relative; max-width: 100%;"
          >
            <span
              style="box-sizing: border-box; display: block; background: none; opacity: 1; border: 0px; margin: 0px; padding: 0px; max-width: 100%;"
            >
              <img
                alt=""
                aria-hidden="true"
                src="data:image/svg+xml,%3csvg%20xmlns=%27http://www.w3.org/2000/svg%27%20version=%271.1%27%20width=%27400%27%20height=%27300%27/%3e"
                style="display: block; max-width: 100%; background: none; opacity: 1; border: 0px; margin: 0px; padding: 0px;"
              />
            </span>
            <img
              alt="Get Connected"
              data-nimg="intrinsic"
              decoding="async"
              src="data:image/gif;base64,R0lGODlhAQABAIAAAAAAAP///yH5BAEAAAAALAAAAAABAAEAAAIBRAA7"
              style="position: absolute; top: 0px; left: 0px; bottom: 0px; right: 0px; box-sizing: border-box; padding: 0px; margin: auto; display: block; width: 0px; height: 0px; min-width: 100%; max-width: 100%; min-height: 100%; max-height: 100%;"
            />
            <noscript />
          </span>
          <div
            class="MuiImageListItemBar-root MuiImageListItemBar-positionBottom css-ztrqiq-MuiImageListItemBar-root"
          >
            <div
              class="MuiImageListItemBar-titleWrap MuiImageListItemBar-titleWrapBottom MuiImageListItemBar-titleWrapActionPosRight css-14q7c0c-MuiImageListItemBar-titleWrap"
            >
              <div
                class="MuiImageListItemBar-title css-dasnyc-MuiImageListItemBar-title"
              >
                Get Connected
              </div>
              <div
                class="MuiImageListItemBar-subtitle css-hk6gwf-MuiImageListItemBar-subtitle"
              >
                CISCO
              </div>
            </div>
            <div
              class="MuiImageListItemBar-actionIcon MuiImageListItemBar-actionIconActionPosRight css-mjbero-MuiImageListItemBar-actionIcon"
            >
              <button
                aria-label="info about Get Connected"
                class="MuiButtonBase-root MuiIconButton-root MuiIconButton-sizeMedium css-1lujp9z-MuiButtonBase-root-MuiIconButton-root"
                tabindex="0"
                type="button"
              >
                <svg
                  aria-hidden="true"
                  class="MuiSvgIcon-root MuiSvgIcon-fontSizeMedium css-i4bv87-MuiSvgIcon-root"
                  data-testid="MenuIcon"
                  focusable="false"
                  viewBox="0 0 24 24"
                >
                  <path
                    d="M3 18h18v-2H3v2zm0-5h18v-2H3v2zm0-7v2h18V6H3z"
                  />
                </svg>
                <span
                  class="MuiTouchRipple-root css-8je8zh-MuiTouchRipple-root"
                />
              </button>
            </div>
          </div>
        </li>
        <li
          class="MuiImageListItem-root MuiImageListItem-masonry css-l086p4-MuiImageListItem-root"
          style="height: auto; margin-bottom: 20px;"
        >
          <span
            style="box-sizing: border-box; display: inline-block; overflow: hidden; background: none; opacity: 1; border: 0px; margin: 0px; padding: 0px; position: relative; max-width: 100%;"
          >
            <span
              style="box-sizing: border-box; display: block; background: none; opacity: 1; border: 0px; margin: 0px; padding: 0px; max-width: 100%;"
            >
              <img
                alt=""
                aria-hidden="true"
                src="data:image/svg+xml,%3csvg%20xmlns=%27http://www.w3.org/2000/svg%27%20version=%271.1%27%20width=%27400%27%20height=%27300%27/%3e"
                style="display: block; max-width: 100%; background: none; opacity: 1; border: 0px; margin: 0px; padding: 0px;"
              />
            </span>
            <img
              alt="Introducción a Iot"
              data-nimg="intrinsic"
              decoding="async"
              src="data:image/gif;base64,R0lGODlhAQABAIAAAAAAAP///yH5BAEAAAAALAAAAAABAAEAAAIBRAA7"
              style="position: absolute; top: 0px; left: 0px; bottom: 0px; right: 0px; box-sizing: border-box; padding: 0px; margin: auto; display: block; width: 0px; height: 0px; min-width: 100%; max-width: 100%; min-height: 100%; max-height: 100%;"
            />
            <noscript />
          </span>
          <div
            class="MuiImageListItemBar-root MuiImageListItemBar-positionBottom css-ztrqiq-MuiImageListItemBar-root"
          >
            <div
              class="MuiImageListItemBar-titleWrap MuiImageListItemBar-titleWrapBottom MuiImageListItemBar-titleWrapActionPosRight css-14q7c0c-MuiImageListItemBar-titleWrap"
            >
              <div
                class="MuiImageListItemBar-title css-dasnyc-MuiImageListItemBar-title"
              >
                Introducción a Iot
              </div>
              <div
                class="MuiImageListItemBar-subtitle css-hk6gwf-MuiImageListItemBar-subtitle"
              >
                CISCO
              </div>
            </div>
            <div
              class="MuiImageListItemBar-actionIcon MuiImageListItemBar-actionIconActionPosRight css-mjbero-MuiImageListItemBar-actionIcon"
            >
              <button
                aria-label="info about Introducción a Iot"
                class="MuiButtonBase-root MuiIconButton-root MuiIconButton-sizeMedium css-1lujp9z-MuiButtonBase-root-MuiIconButton-root"
                tabindex="0"
                type="button"
              >
                <svg
                  aria-hidden="true"
                  class="MuiSvgIcon-root MuiSvgIcon-fontSizeMedium css-i4bv87-MuiSvgIcon-root"
                  data-testid="MenuIcon"
                  focusable="false"
                  viewBox="0 0 24 24"
                >
                  <path
                    d="M3 18h18v-2H3v2zm0-5h18v-2H3v2zm0-7v2h18V6H3z"
                  />
                </svg>
                <span
                  class="MuiTouchRipple-root css-8je8zh-MuiTouchRipple-root"
                />
              </button>
            </div>
          </div>
        </li>
        <li
          class="MuiImageListItem-root MuiImageListItem-masonry css-l086p4-MuiImageListItem-root"
          style="height: auto; margin-bottom: 20px;"
        >
          <span
            style="box-sizing: border-box; display: inline-block; overflow: hidden; background: none; opacity: 1; border: 0px; margin: 0px; padding: 0px; position: relative; max-width: 100%;"
          >
            <span
              style="box-sizing: border-box; display: block; background: none; opacity: 1; border: 0px; margin: 0px; padding: 0px; max-width: 100%;"
            >
              <img
                alt=""
                aria-hidden="true"
                src="data:image/svg+xml,%3csvg%20xmlns=%27http://www.w3.org/2000/svg%27%20version=%271.1%27%20width=%27400%27%20height=%27300%27/%3e"
                style="display: block; max-width: 100%; background: none; opacity: 1; border: 0px; margin: 0px; padding: 0px;"
              />
            </span>
            <img
              alt="IT Essentials"
              data-nimg="intrinsic"
              decoding="async"
              src="data:image/gif;base64,R0lGODlhAQABAIAAAAAAAP///yH5BAEAAAAALAAAAAABAAEAAAIBRAA7"
              style="position: absolute; top: 0px; left: 0px; bottom: 0px; right: 0px; box-sizing: border-box; padding: 0px; margin: auto; display: block; width: 0px; height: 0px; min-width: 100%; max-width: 100%; min-height: 100%; max-height: 100%;"
            />
            <noscript />
          </span>
          <div
            class="MuiImageListItemBar-root MuiImageListItemBar-positionBottom css-ztrqiq-MuiImageListItemBar-root"
          >
            <div
              class="MuiImageListItemBar-titleWrap MuiImageListItemBar-titleWrapBottom MuiImageListItemBar-titleWrapActionPosRight css-14q7c0c-MuiImageListItemBar-titleWrap"
            >
              <div
                class="MuiImageListItemBar-title css-dasnyc-MuiImageListItemBar-title"
              >
                IT Essentials
              </div>
              <div
                class="MuiImageListItemBar-subtitle css-hk6gwf-MuiImageListItemBar-subtitle"
              >
                CISCO
              </div>
            </div>
            <div
              class="MuiImageListItemBar-actionIcon MuiImageListItemBar-actionIconActionPosRight css-mjbero-MuiImageListItemBar-actionIcon"
            >
              <button
                aria-label="info about IT Essentials"
                class="MuiButtonBase-root MuiIconButton-root MuiIconButton-sizeMedium css-1lujp9z-MuiButtonBase-root-MuiIconButton-root"
                tabindex="0"
                type="button"
              >
                <svg
                  aria-hidden="true"
                  class="MuiSvgIcon-root MuiSvgIcon-fontSizeMedium css-i4bv87-MuiSvgIcon-root"
                  data-testid="MenuIcon"
                  focusable="false"
                  viewBox="0 0 24 24"
                >
                  <path
                    d="M3 18h18v-2H3v2zm0-5h18v-2H3v2zm0-7v2h18V6H3z"
                  />
                </svg>
                <span
                  class="MuiTouchRipple-root css-8je8zh-MuiTouchRipple-root"
                />
              </button>
            </div>
          </div>
        </li>
        <li
          class="MuiImageListItem-root MuiImageListItem-masonry css-l086p4-MuiImageListItem-root"
          style="height: auto; margin-bottom: 20px;"
        >
          <span
            style="box-sizing: border-box; display: inline-block; overflow: hidden; background: none; opacity: 1; border: 0px; margin: 0px; padding: 0px; position: relative; max-width: 100%;"
          >
            <span
              style="box-sizing: border-box; display: block; background: none; opacity: 1; border: 0px; margin: 0px; padding: 0px; max-width: 100%;"
            >
              <img
                alt=""
                aria-hidden="true"
                src="data:image/svg+xml,%3csvg%20xmlns=%27http://www.w3.org/2000/svg%27%20version=%271.1%27%20width=%27400%27%20height=%27300%27/%3e"
                style="display: block; max-width: 100%; background: none; opacity: 1; border: 0px; margin: 0px; padding: 0px;"
              />
            </span>
            <img
              alt="NDG Linux Essentials "
              data-nimg="intrinsic"
              decoding="async"
              src="data:image/gif;base64,R0lGODlhAQABAIAAAAAAAP///yH5BAEAAAAALAAAAAABAAEAAAIBRAA7"
              style="position: absolute; top: 0px; left: 0px; bottom: 0px; right: 0px; box-sizing: border-box; padding: 0px; margin: auto; display: block; width: 0px; height: 0px; min-width: 100%; max-width: 100%; min-height: 100%; max-height: 100%;"
            />
            <noscript />
          </span>
          <div
            class="MuiImageListItemBar-root MuiImageListItemBar-positionBottom css-ztrqiq-MuiImageListItemBar-root"
          >
            <div
              class="MuiImageListItemBar-titleWrap MuiImageListItemBar-titleWrapBottom MuiImageListItemBar-titleWrapActionPosRight css-14q7c0c-MuiImageListItemBar-titleWrap"
            >
              <div
                class="MuiImageListItemBar-title css-dasnyc-MuiImageListItemBar-title"
              >
                NDG Linux Essentials 
              </div>
              <div
                class="MuiImageListItemBar-subtitle css-hk6gwf-MuiImageListItemBar-subtitle"
              >
                CISCO
              </div>
            </div>
            <div
              class="MuiImageListItemBar-actionIcon MuiImageListItemBar-actionIconActionPosRight css-mjbero-MuiImageListItemBar-actionIcon"
            >
              <button
                aria-label="info about NDG Linux Essentials "
                class="MuiButtonBase-root MuiIconButton-root MuiIconButton-sizeMedium css-1lujp9z-MuiButtonBase-root-MuiIconButton-root"
                tabindex="0"
                type="button"
              >
                <svg
                  aria-hidden="true"
                  class="MuiSvgIcon-root MuiSvgIcon-fontSizeMedium css-i4bv87-MuiSvgIcon-root"
                  data-testid="MenuIcon"
                  focusable="false"
                  viewBox="0 0 24 24"
                >
                  <path
                    d="M3 18h18v-2H3v2zm0-5h18v-2H3v2zm0-7v2h18V6H3z"
                  />
                </svg>
                <span
                  class="MuiTouchRipple-root css-8je8zh-MuiTouchRipple-root"
                />
              </button>
            </div>
          </div>
        </li>
        <li
          class="MuiImageListItem-root MuiImageListItem-masonry css-l086p4-MuiImageListItem-root"
          style="height: auto; margin-bottom: 20px;"
        >
          <span
            style="box-sizing: border-box; display: inline-block; overflow: hidden; background: none; opacity: 1; border: 0px; margin: 0px; padding: 0px; position: relative; max-width: 100%;"
          >
            <span
              style="box-sizing: border-box; display: block; background: none; opacity: 1; border: 0px; margin: 0px; padding: 0px; max-width: 100%;"
            >
              <img
                alt=""
                aria-hidden="true"
                src="data:image/svg+xml,%3csvg%20xmlns=%27http://www.w3.org/2000/svg%27%20version=%271.1%27%20width=%27400%27%20height=%27300%27/%3e"
                style="display: block; max-width: 100%; background: none; opacity: 1; border: 0px; margin: 0px; padding: 0px;"
              />
            </span>
            <img
              alt="CSS Desde Cero"
              data-nimg="intrinsic"
              decoding="async"
              src="data:image/gif;base64,R0lGODlhAQABAIAAAAAAAP///yH5BAEAAAAALAAAAAABAAEAAAIBRAA7"
              style="position: absolute; top: 0px; left: 0px; bottom: 0px; right: 0px; box-sizing: border-box; padding: 0px; margin: auto; display: block; width: 0px; height: 0px; min-width: 100%; max-width: 100%; min-height: 100%; max-height: 100%;"
            />
            <noscript />
          </span>
          <div
            class="MuiImageListItemBar-root MuiImageListItemBar-positionBottom css-ztrqiq-MuiImageListItemBar-root"
          >
            <div
              class="MuiImageListItemBar-titleWrap MuiImageListItemBar-titleWrapBottom MuiImageListItemBar-titleWrapActionPosRight css-14q7c0c-MuiImageListItemBar-titleWrap"
            >
              <div
                class="MuiImageListItemBar-title css-dasnyc-MuiImageListItemBar-title"
              >
                CSS Desde Cero
              </div>
              <div
                class="MuiImageListItemBar-subtitle css-hk6gwf-MuiImageListItemBar-subtitle"
              >
                EDTEAM
              </div>
            </div>
            <div
              class="MuiImageListItemBar-actionIcon MuiImageListItemBar-actionIconActionPosRight css-mjbero-MuiImageListItemBar-actionIcon"
            >
              <button
                aria-label="info about CSS Desde Cero"
                class="MuiButtonBase-root MuiIconButton-root MuiIconButton-sizeMedium css-1lujp9z-MuiButtonBase-root-MuiIconButton-root"
                tabindex="0"
                type="button"
              >
                <svg
                  aria-hidden="true"
                  class="MuiSvgIcon-root MuiSvgIcon-fontSizeMedium css-i4bv87-MuiSvgIcon-root"
                  data-testid="MenuIcon"
                  focusable="false"
                  viewBox="0 0 24 24"
                >
                  <path
                    d="M3 18h18v-2H3v2zm0-5h18v-2H3v2zm0-7v2h18V6H3z"
                  />
                </svg>
                <span
                  class="MuiTouchRipple-root css-8je8zh-MuiTouchRipple-root"
                />
              </button>
            </div>
          </div>
        </li>
        <li
          class="MuiImageListItem-root MuiImageListItem-masonry css-l086p4-MuiImageListItem-root"
          style="height: auto; margin-bottom: 20px;"
        >
          <span
            style="box-sizing: border-box; display: inline-block; overflow: hidden; background: none; opacity: 1; border: 0px; margin: 0px; padding: 0px; position: relative; max-width: 100%;"
          >
            <span
              style="box-sizing: border-box; display: block; background: none; opacity: 1; border: 0px; margin: 0px; padding: 0px; max-width: 100%;"
            >
              <img
                alt=""
                aria-hidden="true"
                src="data:image/svg+xml,%3csvg%20xmlns=%27http://www.w3.org/2000/svg%27%20version=%271.1%27%20width=%27400%27%20height=%27300%27/%3e"
                style="display: block; max-width: 100%; background: none; opacity: 1; border: 0px; margin: 0px; padding: 0px;"
              />
            </span>
            <img
              alt="HTML Desde Cero"
              data-nimg="intrinsic"
              decoding="async"
              src="data:image/gif;base64,R0lGODlhAQABAIAAAAAAAP///yH5BAEAAAAALAAAAAABAAEAAAIBRAA7"
              style="position: absolute; top: 0px; left: 0px; bottom: 0px; right: 0px; box-sizing: border-box; padding: 0px; margin: auto; display: block; width: 0px; height: 0px; min-width: 100%; max-width: 100%; min-height: 100%; max-height: 100%;"
            />
            <noscript />
          </span>
          <div
            class="MuiImageListItemBar-root MuiImageListItemBar-positionBottom css-ztrqiq-MuiImageListItemBar-root"
          >
            <div
              class="MuiImageListItemBar-titleWrap MuiImageListItemBar-titleWrapBottom MuiImageListItemBar-titleWrapActionPosRight css-14q7c0c-MuiImageListItemBar-titleWrap"
            >
              <div
                class="MuiImageListItemBar-title css-dasnyc-MuiImageListItemBar-title"
              >
                HTML Desde Cero
              </div>
              <div
                class="MuiImageListItemBar-subtitle css-hk6gwf-MuiImageListItemBar-subtitle"
              >
                EDTEAM
              </div>
            </div>
            <div
              class="MuiImageListItemBar-actionIcon MuiImageListItemBar-actionIconActionPosRight css-mjbero-MuiImageListItemBar-actionIcon"
            >
              <button
                aria-label="info about HTML Desde Cero"
                class="MuiButtonBase-root MuiIconButton-root MuiIconButton-sizeMedium css-1lujp9z-MuiButtonBase-root-MuiIconButton-root"
                tabindex="0"
                type="button"
              >
                <svg
                  aria-hidden="true"
                  class="MuiSvgIcon-root MuiSvgIcon-fontSizeMedium css-i4bv87-MuiSvgIcon-root"
                  data-testid="MenuIcon"
                  focusable="false"
                  viewBox="0 0 24 24"
                >
                  <path
                    d="M3 18h18v-2H3v2zm0-5h18v-2H3v2zm0-7v2h18V6H3z"
                  />
                </svg>
                <span
                  class="MuiTouchRipple-root css-8je8zh-MuiTouchRipple-root"
                />
              </button>
            </div>
          </div>
        </li>
        <li
          class="MuiImageListItem-root MuiImageListItem-masonry css-l086p4-MuiImageListItem-root"
          style="height: auto; margin-bottom: 20px;"
        >
          <span
            style="box-sizing: border-box; display: inline-block; overflow: hidden; background: none; opacity: 1; border: 0px; margin: 0px; padding: 0px; position: relative; max-width: 100%;"
          >
            <span
              style="box-sizing: border-box; display: block; background: none; opacity: 1; border: 0px; margin: 0px; padding: 0px; max-width: 100%;"
            >
              <img
                alt=""
                aria-hidden="true"
                src="data:image/svg+xml,%3csvg%20xmlns=%27http://www.w3.org/2000/svg%27%20version=%271.1%27%20width=%27400%27%20height=%27300%27/%3e"
                style="display: block; max-width: 100%; background: none; opacity: 1; border: 0px; margin: 0px; padding: 0px;"
              />
            </span>
            <img
              alt="CSS Desde Cero"
              data-nimg="intrinsic"
              decoding="async"
              src="data:image/gif;base64,R0lGODlhAQABAIAAAAAAAP///yH5BAEAAAAALAAAAAABAAEAAAIBRAA7"
              style="position: absolute; top: 0px; left: 0px; bottom: 0px; right: 0px; box-sizing: border-box; padding: 0px; margin: auto; display: block; width: 0px; height: 0px; min-width: 100%; max-width: 100%; min-height: 100%; max-height: 100%;"
            />
            <noscript />
          </span>
          <div
            class="MuiImageListItemBar-root MuiImageListItemBar-positionBottom css-ztrqiq-MuiImageListItemBar-root"
          >
            <div
              class="MuiImageListItemBar-titleWrap MuiImageListItemBar-titleWrapBottom MuiImageListItemBar-titleWrapActionPosRight css-14q7c0c-MuiImageListItemBar-titleWrap"
            >
              <div
                class="MuiImageListItemBar-title css-dasnyc-MuiImageListItemBar-title"
              >
                CSS Desde Cero
              </div>
              <div
                class="MuiImageListItemBar-subtitle css-hk6gwf-MuiImageListItemBar-subtitle"
              >
                EDTEAM
              </div>
            </div>
            <div
              class="MuiImageListItemBar-actionIcon MuiImageListItemBar-actionIconActionPosRight css-mjbero-MuiImageListItemBar-actionIcon"
            >
              <button
                aria-label="info about CSS Desde Cero"
                class="MuiButtonBase-root MuiIconButton-root MuiIconButton-sizeMedium css-1lujp9z-MuiButtonBase-root-MuiIconButton-root"
                tabindex="0"
                type="button"
              >
                <svg
                  aria-hidden="true"
                  class="MuiSvgIcon-root MuiSvgIcon-fontSizeMedium css-i4bv87-MuiSvgIcon-root"
                  data-testid="MenuIcon"
                  focusable="false"
                  viewBox="0 0 24 24"
                >
                  <path
                    d="M3 18h18v-2H3v2zm0-5h18v-2H3v2zm0-7v2h18V6H3z"
                  />
                </svg>
                <span
                  class="MuiTouchRipple-root css-8je8zh-MuiTouchRipple-root"
                />
              </button>
            </div>
          </div>
        </li>
        <li
          class="MuiImageListItem-root MuiImageListItem-masonry css-l086p4-MuiImageListItem-root"
          style="height: auto; margin-bottom: 20px;"
        >
          <span
            style="box-sizing: border-box; display: inline-block; overflow: hidden; background: none; opacity: 1; border: 0px; margin: 0px; padding: 0px; position: relative; max-width: 100%;"
          >
            <span
              style="box-sizing: border-box; display: block; background: none; opacity: 1; border: 0px; margin: 0px; padding: 0px; max-width: 100%;"
            >
              <img
                alt=""
                aria-hidden="true"
                src="data:image/svg+xml,%3csvg%20xmlns=%27http://www.w3.org/2000/svg%27%20version=%271.1%27%20width=%27400%27%20height=%27300%27/%3e"
                style="display: block; max-width: 100%; background: none; opacity: 1; border: 0px; margin: 0px; padding: 0px;"
              />
            </span>
            <img
              alt="Js Desde Cero"
              data-nimg="intrinsic"
              decoding="async"
              src="data:image/gif;base64,R0lGODlhAQABAIAAAAAAAP///yH5BAEAAAAALAAAAAABAAEAAAIBRAA7"
              style="position: absolute; top: 0px; left: 0px; bottom: 0px; right: 0px; box-sizing: border-box; padding: 0px; margin: auto; display: block; width: 0px; height: 0px; min-width: 100%; max-width: 100%; min-height: 100%; max-height: 100%;"
            />
            <noscript />
          </span>
          <div
            class="MuiImageListItemBar-root MuiImageListItemBar-positionBottom css-ztrqiq-MuiImageListItemBar-root"
          >
            <div
              class="MuiImageListItemBar-titleWrap MuiImageListItemBar-titleWrapBottom MuiImageListItemBar-titleWrapActionPosRight css-14q7c0c-MuiImageListItemBar-titleWrap"
            >
              <div
                class="MuiImageListItemBar-title css-dasnyc-MuiImageListItemBar-title"
              >
                Js Desde Cero
              </div>
              <div
                class="MuiImageListItemBar-subtitle css-hk6gwf-MuiImageListItemBar-subtitle"
              >
                EDTEAM
              </div>
            </div>
            <div
              class="MuiImageListItemBar-actionIcon MuiImageListItemBar-actionIconActionPosRight css-mjbero-MuiImageListItemBar-actionIcon"
            >
              <button
                aria-label="info about Js Desde Cero"
                class="MuiButtonBase-root MuiIconButton-root MuiIconButton-sizeMedium css-1lujp9z-MuiButtonBase-root-MuiIconButton-root"
                tabindex="0"
                type="button"
              >
                <svg
                  aria-hidden="true"
                  class="MuiSvgIcon-root MuiSvgIcon-fontSizeMedium css-i4bv87-MuiSvgIcon-root"
                  data-testid="MenuIcon"
                  focusable="false"
                  viewBox="0 0 24 24"
                >
                  <path
                    d="M3 18h18v-2H3v2zm0-5h18v-2H3v2zm0-7v2h18V6H3z"
                  />
                </svg>
                <span
                  class="MuiTouchRipple-root css-8je8zh-MuiTouchRipple-root"
                />
              </button>
            </div>
          </div>
        </li>
        <li
          class="MuiImageListItem-root MuiImageListItem-masonry css-l086p4-MuiImageListItem-root"
          style="height: auto; margin-bottom: 20px;"
        >
          <span
            style="box-sizing: border-box; display: inline-block; overflow: hidden; background: none; opacity: 1; border: 0px; margin: 0px; padding: 0px; position: relative; max-width: 100%;"
          >
            <span
              style="box-sizing: border-box; display: block; background: none; opacity: 1; border: 0px; margin: 0px; padding: 0px; max-width: 100%;"
            >
              <img
                alt=""
                aria-hidden="true"
                src="data:image/svg+xml,%3csvg%20xmlns=%27http://www.w3.org/2000/svg%27%20version=%271.1%27%20width=%27400%27%20height=%27300%27/%3e"
                style="display: block; max-width: 100%; background: none; opacity: 1; border: 0px; margin: 0px; padding: 0px;"
              />
            </span>
            <img
              alt="Js Desde Cero"
              data-nimg="intrinsic"
              decoding="async"
              src="data:image/gif;base64,R0lGODlhAQABAIAAAAAAAP///yH5BAEAAAAALAAAAAABAAEAAAIBRAA7"
              style="position: absolute; top: 0px; left: 0px; bottom: 0px; right: 0px; box-sizing: border-box; padding: 0px; margin: auto; display: block; width: 0px; height: 0px; min-width: 100%; max-width: 100%; min-height: 100%; max-height: 100%;"
            />
            <noscript />
          </span>
          <div
            class="MuiImageListItemBar-root MuiImageListItemBar-positionBottom css-ztrqiq-MuiImageListItemBar-root"
          >
            <div
              class="MuiImageListItemBar-titleWrap MuiImageListItemBar-titleWrapBottom MuiImageListItemBar-titleWrapActionPosRight css-14q7c0c-MuiImageListItemBar-titleWrap"
            >
              <div
                class="MuiImageListItemBar-title css-dasnyc-MuiImageListItemBar-title"
              >
                Js Desde Cero
              </div>
              <div
                class="MuiImageListItemBar-subtitle css-hk6gwf-MuiImageListItemBar-subtitle"
              >
                EDTEAM
              </div>
            </div>
            <div
              class="MuiImageListItemBar-actionIcon MuiImageListItemBar-actionIconActionPosRight css-mjbero-MuiImageListItemBar-actionIcon"
            >
              <button
                aria-label="info about Js Desde Cero"
                class="MuiButtonBase-root MuiIconButton-root MuiIconButton-sizeMedium css-1lujp9z-MuiButtonBase-root-MuiIconButton-root"
                tabindex="0"
                type="button"
              >
                <svg
                  aria-hidden="true"
                  class="MuiSvgIcon-root MuiSvgIcon-fontSizeMedium css-i4bv87-MuiSvgIcon-root"
                  data-testid="MenuIcon"
                  focusable="false"
                  viewBox="0 0 24 24"
                >
                  <path
                    d="M3 18h18v-2H3v2zm0-5h18v-2H3v2zm0-7v2h18V6H3z"
                  />
                </svg>
                <span
                  class="MuiTouchRipple-root css-8je8zh-MuiTouchRipple-root"
                />
              </button>
            </div>
          </div>
        </li>
        <li
          class="MuiImageListItem-root MuiImageListItem-masonry css-l086p4-MuiImageListItem-root"
          style="height: auto; margin-bottom: 20px;"
        >
          <span
            style="box-sizing: border-box; display: inline-block; overflow: hidden; background: none; opacity: 1; border: 0px; margin: 0px; padding: 0px; position: relative; max-width: 100%;"
          >
            <span
              style="box-sizing: border-box; display: block; background: none; opacity: 1; border: 0px; margin: 0px; padding: 0px; max-width: 100%;"
            >
              <img
                alt=""
                aria-hidden="true"
                src="data:image/svg+xml,%3csvg%20xmlns=%27http://www.w3.org/2000/svg%27%20version=%271.1%27%20width=%27400%27%20height=%27300%27/%3e"
                style="display: block; max-width: 100%; background: none; opacity: 1; border: 0px; margin: 0px; padding: 0px;"
              />
            </span>
            <img
              alt="HTML Course"
              data-nimg="intrinsic"
              decoding="async"
              src="data:image/gif;base64,R0lGODlhAQABAIAAAAAAAP///yH5BAEAAAAALAAAAAABAAEAAAIBRAA7"
              style="position: absolute; top: 0px; left: 0px; bottom: 0px; right: 0px; box-sizing: border-box; padding: 0px; margin: auto; display: block; width: 0px; height: 0px; min-width: 100%; max-width: 100%; min-height: 100%; max-height: 100%;"
            />
            <noscript />
          </span>
          <div
            class="MuiImageListItemBar-root MuiImageListItemBar-positionBottom css-ztrqiq-MuiImageListItemBar-root"
          >
            <div
              class="MuiImageListItemBar-titleWrap MuiImageListItemBar-titleWrapBottom MuiImageListItemBar-titleWrapActionPosRight css-14q7c0c-MuiImageListItemBar-titleWrap"
            >
              <div
                class="MuiImageListItemBar-title css-dasnyc-MuiImageListItemBar-title"
              >
                HTML Course
              </div>
              <div
                class="MuiImageListItemBar-subtitle css-hk6gwf-MuiImageListItemBar-subtitle"
              >
                SOLO LEARN
              </div>
            </div>
            <div
              class="MuiImageListItemBar-actionIcon MuiImageListItemBar-actionIconActionPosRight css-mjbero-MuiImageListItemBar-actionIcon"
            >
              <button
                aria-label="info about HTML Course"
                class="MuiButtonBase-root MuiIconButton-root MuiIconButton-sizeMedium css-1lujp9z-MuiButtonBase-root-MuiIconButton-root"
                tabindex="0"
                type="button"
              >
                <svg
                  aria-hidden="true"
                  class="MuiSvgIcon-root MuiSvgIcon-fontSizeMedium css-i4bv87-MuiSvgIcon-root"
                  data-testid="MenuIcon"
                  focusable="false"
                  viewBox="0 0 24 24"
                >
                  <path
                    d="M3 18h18v-2H3v2zm0-5h18v-2H3v2zm0-7v2h18V6H3z"
                  />
                </svg>
                <span
                  class="MuiTouchRipple-root css-8je8zh-MuiTouchRipple-root"
                />
              </button>
            </div>
          </div>
        </li>
        <li
          class="MuiImageListItem-root MuiImageListItem-masonry css-l086p4-MuiImageListItem-root"
          style="height: auto; margin-bottom: 20px;"
        >
          <span
            style="box-sizing: border-box; display: inline-block; overflow: hidden; background: none; opacity: 1; border: 0px; margin: 0px; padding: 0px; position: relative; max-width: 100%;"
          >
            <span
              style="box-sizing: border-box; display: block; background: none; opacity: 1; border: 0px; margin: 0px; padding: 0px; max-width: 100%;"
            >
              <img
                alt=""
                aria-hidden="true"
                src="data:image/svg+xml,%3csvg%20xmlns=%27http://www.w3.org/2000/svg%27%20version=%271.1%27%20width=%27400%27%20height=%27300%27/%3e"
                style="display: block; max-width: 100%; background: none; opacity: 1; border: 0px; margin: 0px; padding: 0px;"
              />
            </span>
            <img
              alt="Css Course"
              data-nimg="intrinsic"
              decoding="async"
              src="data:image/gif;base64,R0lGODlhAQABAIAAAAAAAP///yH5BAEAAAAALAAAAAABAAEAAAIBRAA7"
              style="position: absolute; top: 0px; left: 0px; bottom: 0px; right: 0px; box-sizing: border-box; padding: 0px; margin: auto; display: block; width: 0px; height: 0px; min-width: 100%; max-width: 100%; min-height: 100%; max-height: 100%;"
            />
            <noscript />
          </span>
          <div
            class="MuiImageListItemBar-root MuiImageListItemBar-positionBottom css-ztrqiq-MuiImageListItemBar-root"
          >
            <div
              class="MuiImageListItemBar-titleWrap MuiImageListItemBar-titleWrapBottom MuiImageListItemBar-titleWrapActionPosRight css-14q7c0c-MuiImageListItemBar-titleWrap"
            >
              <div
                class="MuiImageListItemBar-title css-dasnyc-MuiImageListItemBar-title"
              >
                Css Course
              </div>
              <div
                class="MuiImageListItemBar-subtitle css-hk6gwf-MuiImageListItemBar-subtitle"
              >
                SOLO LEARN
              </div>
            </div>
            <div
              class="MuiImageListItemBar-actionIcon MuiImageListItemBar-actionIconActionPosRight css-mjbero-MuiImageListItemBar-actionIcon"
            >
              <button
                aria-label="info about Css Course"
                class="MuiButtonBase-root MuiIconButton-root MuiIconButton-sizeMedium css-1lujp9z-MuiButtonBase-root-MuiIconButton-root"
                tabindex="0"
                type="button"
              >
                <svg
                  aria-hidden="true"
                  class="MuiSvgIcon-root MuiSvgIcon-fontSizeMedium css-i4bv87-MuiSvgIcon-root"
                  data-testid="MenuIcon"
                  focusable="false"
                  viewBox="0 0 24 24"
                >
                  <path
                    d="M3 18h18v-2H3v2zm0-5h18v-2H3v2zm0-7v2h18V6H3z"
                  />
                </svg>
                <span
                  class="MuiTouchRipple-root css-8je8zh-MuiTouchRipple-root"
                />
              </button>
            </div>
          </div>
        </li>
        <li
          class="MuiImageListItem-root MuiImageListItem-masonry css-l086p4-MuiImageListItem-root"
          style="height: auto; margin-bottom: 20px;"
        >
          <span
            style="box-sizing: border-box; display: inline-block; overflow: hidden; background: none; opacity: 1; border: 0px; margin: 0px; padding: 0px; position: relative; max-width: 100%;"
          >
            <span
              style="box-sizing: border-box; display: block; background: none; opacity: 1; border: 0px; margin: 0px; padding: 0px; max-width: 100%;"
            >
              <img
                alt=""
                aria-hidden="true"
                src="data:image/svg+xml,%3csvg%20xmlns=%27http://www.w3.org/2000/svg%27%20version=%271.1%27%20width=%27400%27%20height=%27300%27/%3e"
                style="display: block; max-width: 100%; background: none; opacity: 1; border: 0px; margin: 0px; padding: 0px;"
              />
            </span>
            <img
              alt="JS Course"
              data-nimg="intrinsic"
              decoding="async"
              src="data:image/gif;base64,R0lGODlhAQABAIAAAAAAAP///yH5BAEAAAAALAAAAAABAAEAAAIBRAA7"
              style="position: absolute; top: 0px; left: 0px; bottom: 0px; right: 0px; box-sizing: border-box; padding: 0px; margin: auto; display: block; width: 0px; height: 0px; min-width: 100%; max-width: 100%; min-height: 100%; max-height: 100%;"
            />
            <noscript />
          </span>
          <div
            class="MuiImageListItemBar-root MuiImageListItemBar-positionBottom css-ztrqiq-MuiImageListItemBar-root"
          >
            <div
              class="MuiImageListItemBar-titleWrap MuiImageListItemBar-titleWrapBottom MuiImageListItemBar-titleWrapActionPosRight css-14q7c0c-MuiImageListItemBar-titleWrap"
            >
              <div
                class="MuiImageListItemBar-title css-dasnyc-MuiImageListItemBar-title"
              >
                JS Course
              </div>
              <div
                class="MuiImageListItemBar-subtitle css-hk6gwf-MuiImageListItemBar-subtitle"
              >
                SOLO LEARN
              </div>
            </div>
            <div
              class="MuiImageListItemBar-actionIcon MuiImageListItemBar-actionIconActionPosRight css-mjbero-MuiImageListItemBar-actionIcon"
            >
              <button
                aria-label="info about JS Course"
                class="MuiButtonBase-root MuiIconButton-root MuiIconButton-sizeMedium css-1lujp9z-MuiButtonBase-root-MuiIconButton-root"
                tabindex="0"
                type="button"
              >
                <svg
                  aria-hidden="true"
                  class="MuiSvgIcon-root MuiSvgIcon-fontSizeMedium css-i4bv87-MuiSvgIcon-root"
                  data-testid="MenuIcon"
                  focusable="false"
                  viewBox="0 0 24 24"
                >
                  <path
                    d="M3 18h18v-2H3v2zm0-5h18v-2H3v2zm0-7v2h18V6H3z"
                  />
                </svg>
                <span
                  class="MuiTouchRipple-root css-8je8zh-MuiTouchRipple-root"
                />
              </button>
            </div>
          </div>
        </li>
        <li
          class="MuiImageListItem-root MuiImageListItem-masonry css-l086p4-MuiImageListItem-root"
          style="height: auto; margin-bottom: 20px;"
        >
          <span
            style="box-sizing: border-box; display: inline-block; overflow: hidden; background: none; opacity: 1; border: 0px; margin: 0px; padding: 0px; position: relative; max-width: 100%;"
          >
            <span
              style="box-sizing: border-box; display: block; background: none; opacity: 1; border: 0px; margin: 0px; padding: 0px; max-width: 100%;"
            >
              <img
                alt=""
                aria-hidden="true"
                src="data:image/svg+xml,%3csvg%20xmlns=%27http://www.w3.org/2000/svg%27%20version=%271.1%27%20width=%27400%27%20height=%27300%27/%3e"
                style="display: block; max-width: 100%; background: none; opacity: 1; border: 0px; margin: 0px; padding: 0px;"
              />
            </span>
            <img
              alt="Jquery Course"
              data-nimg="intrinsic"
              decoding="async"
              src="data:image/gif;base64,R0lGODlhAQABAIAAAAAAAP///yH5BAEAAAAALAAAAAABAAEAAAIBRAA7"
              style="position: absolute; top: 0px; left: 0px; bottom: 0px; right: 0px; box-sizing: border-box; padding: 0px; margin: auto; display: block; width: 0px; height: 0px; min-width: 100%; max-width: 100%; min-height: 100%; max-height: 100%;"
            />
            <noscript />
          </span>
          <div
            class="MuiImageListItemBar-root MuiImageListItemBar-positionBottom css-ztrqiq-MuiImageListItemBar-root"
          >
            <div
              class="MuiImageListItemBar-titleWrap MuiImageListItemBar-titleWrapBottom MuiImageListItemBar-titleWrapActionPosRight css-14q7c0c-MuiImageListItemBar-titleWrap"
            >
              <div
                class="MuiImageListItemBar-title css-dasnyc-MuiImageListItemBar-title"
              >
                Jquery Course
              </div>
              <div
                class="MuiImageListItemBar-subtitle css-hk6gwf-MuiImageListItemBar-subtitle"
              >
                SOLO LEARN
              </div>
            </div>
            <div
              class="MuiImageListItemBar-actionIcon MuiImageListItemBar-actionIconActionPosRight css-mjbero-MuiImageListItemBar-actionIcon"
            >
              <button
                aria-label="info about Jquery Course"
                class="MuiButtonBase-root MuiIconButton-root MuiIconButton-sizeMedium css-1lujp9z-MuiButtonBase-root-MuiIconButton-root"
                tabindex="0"
                type="button"
              >
                <svg
                  aria-hidden="true"
                  class="MuiSvgIcon-root MuiSvgIcon-fontSizeMedium css-i4bv87-MuiSvgIcon-root"
                  data-testid="MenuIcon"
                  focusable="false"
                  viewBox="0 0 24 24"
                >
                  <path
                    d="M3 18h18v-2H3v2zm0-5h18v-2H3v2zm0-7v2h18V6H3z"
                  />
                </svg>
                <span
                  class="MuiTouchRipple-root css-8je8zh-MuiTouchRipple-root"
                />
              </button>
            </div>
          </div>
        </li>
        <li
          class="MuiImageListItem-root MuiImageListItem-masonry css-l086p4-MuiImageListItem-root"
          style="height: auto; margin-bottom: 20px;"
        >
          <span
            style="box-sizing: border-box; display: inline-block; overflow: hidden; background: none; opacity: 1; border: 0px; margin: 0px; padding: 0px; position: relative; max-width: 100%;"
          >
            <span
              style="box-sizing: border-box; display: block; background: none; opacity: 1; border: 0px; margin: 0px; padding: 0px; max-width: 100%;"
            >
              <img
                alt=""
                aria-hidden="true"
                src="data:image/svg+xml,%3csvg%20xmlns=%27http://www.w3.org/2000/svg%27%20version=%271.1%27%20width=%27400%27%20height=%27300%27/%3e"
                style="display: block; max-width: 100%; background: none; opacity: 1; border: 0px; margin: 0px; padding: 0px;"
              />
            </span>
            <img
              alt="Java Course"
              data-nimg="intrinsic"
              decoding="async"
              src="data:image/gif;base64,R0lGODlhAQABAIAAAAAAAP///yH5BAEAAAAALAAAAAABAAEAAAIBRAA7"
              style="position: absolute; top: 0px; left: 0px; bottom: 0px; right: 0px; box-sizing: border-box; padding: 0px; margin: auto; display: block; width: 0px; height: 0px; min-width: 100%; max-width: 100%; min-height: 100%; max-height: 100%;"
            />
            <noscript />
          </span>
          <div
            class="MuiImageListItemBar-root MuiImageListItemBar-positionBottom css-ztrqiq-MuiImageListItemBar-root"
          >
            <div
              class="MuiImageListItemBar-titleWrap MuiImageListItemBar-titleWrapBottom MuiImageListItemBar-titleWrapActionPosRight css-14q7c0c-MuiImageListItemBar-titleWrap"
            >
              <div
                class="MuiImageListItemBar-title css-dasnyc-MuiImageListItemBar-title"
              >
                Java Course
              </div>
              <div
                class="MuiImageListItemBar-subtitle css-hk6gwf-MuiImageListItemBar-subtitle"
              >
                SOLO LEARN
              </div>
            </div>
            <div
              class="MuiImageListItemBar-actionIcon MuiImageListItemBar-actionIconActionPosRight css-mjbero-MuiImageListItemBar-actionIcon"
            >
              <button
                aria-label="info about Java Course"
                class="MuiButtonBase-root MuiIconButton-root MuiIconButton-sizeMedium css-1lujp9z-MuiButtonBase-root-MuiIconButton-root"
                tabindex="0"
                type="button"
              >
                <svg
                  aria-hidden="true"
                  class="MuiSvgIcon-root MuiSvgIcon-fontSizeMedium css-i4bv87-MuiSvgIcon-root"
                  data-testid="MenuIcon"
                  focusable="false"
                  viewBox="0 0 24 24"
                >
                  <path
                    d="M3 18h18v-2H3v2zm0-5h18v-2H3v2zm0-7v2h18V6H3z"
                  />
                </svg>
                <span
                  class="MuiTouchRipple-root css-8je8zh-MuiTouchRipple-root"
                />
              </button>
            </div>
          </div>
        </li>
        <li
          class="MuiImageListItem-root MuiImageListItem-masonry css-l086p4-MuiImageListItem-root"
          style="height: auto; margin-bottom: 20px;"
        >
          <span
            style="box-sizing: border-box; display: inline-block; overflow: hidden; background: none; opacity: 1; border: 0px; margin: 0px; padding: 0px; position: relative; max-width: 100%;"
          >
            <span
              style="box-sizing: border-box; display: block; background: none; opacity: 1; border: 0px; margin: 0px; padding: 0px; max-width: 100%;"
            >
              <img
                alt=""
                aria-hidden="true"
                src="data:image/svg+xml,%3csvg%20xmlns=%27http://www.w3.org/2000/svg%27%20version=%271.1%27%20width=%27400%27%20height=%27300%27/%3e"
                style="display: block; max-width: 100%; background: none; opacity: 1; border: 0px; margin: 0px; padding: 0px;"
              />
            </span>
            <img
              alt="SQL Course"
              data-nimg="intrinsic"
              decoding="async"
              src="data:image/gif;base64,R0lGODlhAQABAIAAAAAAAP///yH5BAEAAAAALAAAAAABAAEAAAIBRAA7"
              style="position: absolute; top: 0px; left: 0px; bottom: 0px; right: 0px; box-sizing: border-box; padding: 0px; margin: auto; display: block; width: 0px; height: 0px; min-width: 100%; max-width: 100%; min-height: 100%; max-height: 100%;"
            />
            <noscript />
          </span>
          <div
            class="MuiImageListItemBar-root MuiImageListItemBar-positionBottom css-ztrqiq-MuiImageListItemBar-root"
          >
            <div
              class="MuiImageListItemBar-titleWrap MuiImageListItemBar-titleWrapBottom MuiImageListItemBar-titleWrapActionPosRight css-14q7c0c-MuiImageListItemBar-titleWrap"
            >
              <div
                class="MuiImageListItemBar-title css-dasnyc-MuiImageListItemBar-title"
              >
                SQL Course
              </div>
              <div
                class="MuiImageListItemBar-subtitle css-hk6gwf-MuiImageListItemBar-subtitle"
              >
                SOLO LEARN
              </div>
            </div>
            <div
              class="MuiImageListItemBar-actionIcon MuiImageListItemBar-actionIconActionPosRight css-mjbero-MuiImageListItemBar-actionIcon"
            >
              <button
                aria-label="info about SQL Course"
                class="MuiButtonBase-root MuiIconButton-root MuiIconButton-sizeMedium css-1lujp9z-MuiButtonBase-root-MuiIconButton-root"
                tabindex="0"
                type="button"
              >
                <svg
                  aria-hidden="true"
                  class="MuiSvgIcon-root MuiSvgIcon-fontSizeMedium css-i4bv87-MuiSvgIcon-root"
                  data-testid="MenuIcon"
                  focusable="false"
                  viewBox="0 0 24 24"
                >
                  <path
                    d="M3 18h18v-2H3v2zm0-5h18v-2H3v2zm0-7v2h18V6H3z"
                  />
                </svg>
                <span
                  class="MuiTouchRipple-root css-8je8zh-MuiTouchRipple-root"
                />
              </button>
            </div>
          </div>
        </li>
      </ul>
    </div>
  </div>
</div>
`;
