// Jest Snapshot v1, https://goo.gl/fbAQLP

exports[`MenuResponsive Test toMacthSnapshot 1`] = `
<div>
  <div
    class="MuiCollapse-root MuiCollapse-vertical MuiCollapse-entered css-wi23bc-MuiCollapse-root"
    style="min-height: 0px;"
  >
    <div
      class="MuiCollapse-wrapper MuiCollapse-vertical css-smkl36-MuiCollapse-wrapper"
    >
      <div
        class="MuiCollapse-wrapperInner MuiCollapse-vertical css-9l5vo-MuiCollapse-wrapperInner"
      >
        <div
          class="MuiGrid-root css-1j400y7-MuiGrid-root"
        >
          <a
            href="https://drive.google.com/file/d/13xkWuHrDCPpXNNkmPCKqC0BOH6n9nxmo/view?usp=sharing"
            rel="”noopener noreferrer"
            target="_blank"
          >
            <button
              class="MuiButtonBase-root MuiButton-root MuiButton-contained MuiButton-containedPrimary MuiButton-sizeMedium MuiButton-containedSizeMedium MuiButton-fullWidth MuiButton-root MuiButton-contained MuiButton-containedPrimary MuiButton-sizeMedium MuiButton-containedSizeMedium MuiButton-fullWidth css-1fu7jd5-MuiButtonBase-root-MuiButton-root"
              tabindex="0"
              type="button"
            >
              Get CV
              <span
                class="MuiTouchRipple-root css-8je8zh-MuiTouchRipple-root"
              />
            </button>
          </a>
        </div>
      </div>
    </div>
  </div>
</div>
`;
