// Jest Snapshot v1, https://goo.gl/fbAQLP

exports[`MyButton Test toMacthSnapshot 1`] = `
<div>
  <button
    class="MuiButtonBase-root MuiButton-root MuiButton-text MuiButton-textPrimary MuiButton-sizeMedium MuiButton-textSizeMedium MuiButton-root MuiButton-text MuiButton-textPrimary MuiButton-sizeMedium MuiButton-textSizeMedium css-xlnruk-MuiButtonBase-root-MuiButton-root"
    tabindex="0"
    type="button"
  >
    <p
      class="MuiTypography-root MuiTypography-body1 css-15esv0h-MuiTypography-root"
    >
      Button Test
    </p>
    <span
      class="MuiTouchRipple-root css-8je8zh-MuiTouchRipple-root"
    />
  </button>
</div>
`;
