// Jest Snapshot v1, https://goo.gl/fbAQLP

exports[`ListOption toMatchSnapshot  1`] = `
<div>
  <p
    class="MuiTypography-root MuiTypography-body1 css-1469zy3-MuiTypography-root"
  >
    Title test
  </p>
  <nav
    aria-label="mailbox folders"
    class="MuiList-root MuiList-padding css-h4y409-MuiList-root"
  >
    <div
      class="MuiBox-root css-0"
    >
      <div
        class="MuiButtonBase-root MuiListItem-root MuiListItem-gutters MuiListItem-padding MuiListItem-button css-bshv44-MuiButtonBase-root-MuiListItem-root"
        role="button"
        tabindex="0"
      >
        <div
          class="MuiListItemText-root MuiListItemText-multiline css-1itc3p-MuiListItemText-root"
        >
          <span
            class="MuiTypography-root MuiTypography-body1 MuiListItemText-primary css-10hburv-MuiTypography-root"
          >
            title one
          </span>
          <p
            class="MuiTypography-root MuiTypography-body1 css-qybatc-MuiTypography-root"
          >
            second Text
          </p>
        </div>
        <span
          class="MuiTouchRipple-root css-8je8zh-MuiTouchRipple-root"
        />
      </div>
      <hr
        class="MuiDivider-root MuiDivider-fullWidth MuiDivider-light css-xetjfm-MuiDivider-root"
      />
    </div>
    <div
      class="MuiBox-root css-0"
    >
      <div
        class="MuiButtonBase-root MuiListItem-root MuiListItem-gutters MuiListItem-padding MuiListItem-button css-bshv44-MuiButtonBase-root-MuiListItem-root"
        role="button"
        tabindex="0"
      >
        <div
          class="MuiListItemText-root MuiListItemText-multiline css-1itc3p-MuiListItemText-root"
        >
          <span
            class="MuiTypography-root MuiTypography-body1 MuiListItemText-primary css-10hburv-MuiTypography-root"
          >
            title SecondZ
          </span>
          <p
            class="MuiTypography-root MuiTypography-body1 css-qybatc-MuiTypography-root"
          />
        </div>
        <span
          class="MuiTouchRipple-root css-8je8zh-MuiTouchRipple-root"
        />
      </div>
      <hr
        class="MuiDivider-root MuiDivider-fullWidth MuiDivider-light css-xetjfm-MuiDivider-root"
      />
    </div>
  </nav>
</div>
`;

exports[`ListOption toMatchSnapshot 1`] = `
<div>
  <p
    class="MuiTypography-root MuiTypography-body1 css-1469zy3-MuiTypography-root"
  >
    Title test
  </p>
  <nav
    aria-label="mailbox folders"
    class="MuiList-root MuiList-padding css-h4y409-MuiList-root"
  >
    <div
      class="MuiBox-root css-0"
    >
      <div
        class="MuiButtonBase-root MuiListItem-root MuiListItem-gutters MuiListItem-padding MuiListItem-button css-bshv44-MuiButtonBase-root-MuiListItem-root"
        role="button"
        tabindex="0"
      >
        <div
          class="MuiListItemText-root MuiListItemText-multiline css-1itc3p-MuiListItemText-root"
        >
          <span
            class="MuiTypography-root MuiTypography-body1 MuiListItemText-primary css-10hburv-MuiTypography-root"
          >
            title one
          </span>
          <p
            class="MuiTypography-root MuiTypography-body1 css-qybatc-MuiTypography-root"
          >
            second Text
          </p>
        </div>
        <span
          class="MuiTouchRipple-root css-8je8zh-MuiTouchRipple-root"
        />
      </div>
      <hr
        class="MuiDivider-root MuiDivider-fullWidth MuiDivider-light css-xetjfm-MuiDivider-root"
      />
    </div>
    <div
      class="MuiBox-root css-0"
    >
      <div
        class="MuiButtonBase-root MuiListItem-root MuiListItem-gutters MuiListItem-padding MuiListItem-button css-bshv44-MuiButtonBase-root-MuiListItem-root"
        role="button"
        tabindex="0"
      >
        <div
          class="MuiListItemText-root MuiListItemText-multiline css-1itc3p-MuiListItemText-root"
        >
          <span
            class="MuiTypography-root MuiTypography-body1 MuiListItemText-primary css-10hburv-MuiTypography-root"
          >
            title SecondZ
          </span>
          <p
            class="MuiTypography-root MuiTypography-body1 css-qybatc-MuiTypography-root"
          />
        </div>
        <span
          class="MuiTouchRipple-root css-8je8zh-MuiTouchRipple-root"
        />
      </div>
      <hr
        class="MuiDivider-root MuiDivider-fullWidth MuiDivider-light css-xetjfm-MuiDivider-root"
      />
    </div>
  </nav>
</div>
`;
